download https://datasets.imdbws.com/title.ratings.tsv.gz
ratings 1353871
download https://datasets.imdbws.com/title.basics.tsv.gz
eligible basics 367430
download https://datasets.imdbws.com/title.akas.tsv.gz
candidate counts [8069, 21543, 13616, 7058, 4343, 3728, 2641, 3076, 2584, 3771, 2178, 775, 716, 696, 369, 430, 396, 375, 508, 1984, 2988, 402, 232, 226]
scripts/build_oracle_20000.py:176: DeprecationWarning: datetime.datetime.utcnow() is deprecated and scheduled for removal in a future version. Use timezone-aware objects to represent datetimes in UTC: datetime.datetime.now(datetime.UTC).
  report={'source':'IMDb Non-Commercial Datasets','generated_utc':__import__('datetime').datetime.utcnow().isoformat()+'Z','total':len(chosen),'years':[min(m['year'] for m in chosen),max(m['year'] for m in chosen)],'rating_min':min(m['rating'] for m in chosen),'hour_counts':final_counts,'candidate_counts_before_selection':counts_all,'random_outside_categories':len(random_index),'types':dict(__import__('collections').Counter(m['type'] for m in chosen))}
{
  "source": "IMDb Non-Commercial Datasets",
  "generated_utc": "2026-07-16T21:29:38.770076Z",
  "total": 20000,
  "years": [
    1990,
    2025
  ],
  "rating_min": 5.5,
  "hour_counts": [
    1096,
    3123,
    1828,
    932,
    527,
    452,
    366,
    420,
    397,
    483,
    229,
    169,
    168,
    151,
    150,
    153,
    150,
    150,
    154,
    280,
    566,
    150,
    150,
    150
  ],
  "candidate_counts_before_selection": [
    8069,
    21543,
    13616,
    7058,
    4343,
    3728,
    2641,
    3076,
    2584,
    3771,
    2178,
    775,
    716,
    696,
    369,
    430,
    396,
    375,
    508,
    1984,
    2988,
    402,
    232,
    226
  ],
  "random_outside_categories": 14686,
  "types": {
    "movie": 14829,
    "short": 1764,
    "video": 1897,
    "tvMovie": 1425,
    "tvShort": 85
  }
}
